CASE 
0


RC 
1


OV
 
1
 
4


CASE 
1


RC 
2


OV
 
0
 
13
 
7
 
12


CASE 
2


RC 
1


OV
 
0
 
3


CASE 
3


RC 
1


OV
 
0
 
2


CASE 
4


RC 
1


OV
 
2
 
4


CASE 
5


RC 
1


OV
 
0
 
3


CASE 
6


RC 
1


OV
 
0
 
1


CASE 
7


RC 
1


OV
 
0
 
4


CASE 
8


RC 
1


OV
 
0
 
4


CASE 
9


RC 
1


OV
 
0
 
4


CASE 
10


RC 
1


OV
 
0
 
6


CASE 
11


RC 
1


OV
 
0
 
0


CASE 
12


RC NOMATCH 
-1


CASE 
13


RC 
1


OV
 
0
 
3


CASE 
14


RC NOMATCH 
-1


CASE 
15


RC 
1


OV
 
1
 
4


CASE 
16


RC 
1


OV
 
0
 
3


CASE 
17


RC NOMATCH 
-1


CASE 
18


RC 
2


OV
 
0
 
2
 
0
 
1


CASE 
19


RC NOMATCH 
-1


CASE 
20


RC 
4


OV
 
0
 
3
 
0
 
1
 
1
 
2
 
2
 
3


CASE 
21


RC 
1


OV
 
0
 
6


CASE 
22


RC 
2


OV
 
0
 
2
 
0
 
2


CASE 
23


RC 
1


OV
 
0
 
3


CASE 
24


RC 
1


OV
 
0
 
1


CASE 
25


RC 
1


OV
 
0
 
3


CASE 
26


RC NOMATCH 
-1


CASE 
27


RC 
1


OV
 
3
 
6


CASE 
28


RC 
1


OV
 
0
 
3


CASE 
29


RC NOMATCH 
-1


CASE 
30


RC 
2


OV
 
0
 
0
 
0
 
0


CASE 
31


RC 
1


OV
 
0
 
0


CASE 
32


RC 
1


OV
 
0
 
0


CASE 
33


RC 
1


OV
 
0
 
0


CASE 
34


RC NOMATCH 
-1


CASE 
35


RC COMPILEFAIL 
114
 
1


CASE 
36


RC COMPILEFAIL 
104
 
5


CASE 
37


RC 
1


OV
 
3
 
5


