typed module decls=3
decl[0] kind=function span=0..35
  fn first(<unknown>)
decl[1] kind=function span=37..73
  fn second(<unknown>)
decl[2] kind=function span=75..166
  fn main() -> i32
    expr block span=95..166 : void
      expr let_binding span=95..116 : void
        bind a: i32
      expr let_binding span=121..142 : void
        bind b: i32
      expr call span=147..166 : void
        expr ident span=147..153 : void
