tokens file=test/cases/generic_multi.w count=78
tok[0] tag='fn' span=0..2 lex="fn"
tok[1] tag=identifier span=3..8 lex="first"
tok[2] tag='[' span=8..9 lex="["
tok[3] tag=identifier span=9..10 lex="T"
tok[4] tag=']' span=10..11 lex="]"
tok[5] tag='(' span=11..12 lex="("
tok[6] tag=identifier span=12..13 lex="a"
tok[7] tag=':' span=13..14 lex=":"
tok[8] tag=identifier span=15..16 lex="T"
tok[9] tag=',' span=16..17 lex=","
tok[10] tag=identifier span=18..19 lex="b"
tok[11] tag=':' span=19..20 lex=":"
tok[12] tag=identifier span=21..22 lex="T"
tok[13] tag=')' span=22..23 lex=")"
tok[14] tag='->' span=24..26 lex="->"
tok[15] tag=identifier span=27..28 lex="T"
tok[16] tag=':' span=28..29 lex=":"
tok[17] tag=newline span=29..30 lex="\n"
tok[18] tag=identifier span=34..35 lex="a"
tok[19] tag=newline span=35..36 lex="\n"
tok[20] tag=newline span=36..37 lex="\n"
tok[21] tag='fn' span=37..39 lex="fn"
tok[22] tag=identifier span=40..46 lex="second"
tok[23] tag='[' span=46..47 lex="["
tok[24] tag=identifier span=47..48 lex="T"
tok[25] tag=']' span=48..49 lex="]"
tok[26] tag='(' span=49..50 lex="("
tok[27] tag=identifier span=50..51 lex="a"
tok[28] tag=':' span=51..52 lex=":"
tok[29] tag=identifier span=53..54 lex="T"
tok[30] tag=',' span=54..55 lex=","
tok[31] tag=identifier span=56..57 lex="b"
tok[32] tag=':' span=57..58 lex=":"
tok[33] tag=identifier span=59..60 lex="T"
tok[34] tag=')' span=60..61 lex=")"
tok[35] tag='->' span=62..64 lex="->"
tok[36] tag=identifier span=65..66 lex="T"
tok[37] tag=':' span=66..67 lex=":"
tok[38] tag=newline span=67..68 lex="\n"
tok[39] tag=identifier span=72..73 lex="b"
tok[40] tag=newline span=73..74 lex="\n"
tok[41] tag=newline span=74..75 lex="\n"
tok[42] tag='fn' span=75..77 lex="fn"
tok[43] tag=identifier span=78..82 lex="main"
tok[44] tag='->' span=83..85 lex="->"
tok[45] tag=identifier span=86..89 lex="i32"
tok[46] tag=':' span=89..90 lex=":"
tok[47] tag=newline span=90..91 lex="\n"
tok[48] tag='let' span=95..98 lex="let"
tok[49] tag=identifier span=99..100 lex="a"
tok[50] tag='=' span=101..102 lex="="
tok[51] tag=identifier span=103..108 lex="first"
tok[52] tag='(' span=108..109 lex="("
tok[53] tag=integer literal span=109..111 lex="42"
tok[54] tag=',' span=111..112 lex=","
tok[55] tag=integer literal span=113..115 lex="99"
tok[56] tag=')' span=115..116 lex=")"
tok[57] tag=newline span=116..117 lex="\n"
tok[58] tag='let' span=121..124 lex="let"
tok[59] tag=identifier span=125..126 lex="b"
tok[60] tag='=' span=127..128 lex="="
tok[61] tag=identifier span=129..135 lex="second"
tok[62] tag='(' span=135..136 lex="("
tok[63] tag=integer literal span=136..138 lex="10"
tok[64] tag=',' span=138..139 lex=","
tok[65] tag=integer literal span=140..141 lex="0"
tok[66] tag=')' span=141..142 lex=")"
tok[67] tag=newline span=142..143 lex="\n"
tok[68] tag=identifier span=147..153 lex="assert"
tok[69] tag='(' span=153..154 lex="("
tok[70] tag=identifier span=154..155 lex="a"
tok[71] tag='+' span=156..157 lex="+"
tok[72] tag=identifier span=158..159 lex="b"
tok[73] tag='==' span=160..162 lex="=="
tok[74] tag=integer literal span=163..165 lex="42"
tok[75] tag=')' span=165..166 lex=")"
tok[76] tag=newline span=166..167 lex="\n"
tok[77] tag=end of file span=167..167 lex=""
