tokens file=test/cases/dyn_dispatch.w count=152
tok[0] tag=newline span=39..40 lex="\n"
tok[1] tag=newline span=40..41 lex="\n"
tok[2] tag='trait' span=41..46 lex="trait"
tok[3] tag=identifier span=47..58 lex="Describable"
tok[4] tag='=' span=59..60 lex="="
tok[5] tag=newline span=60..61 lex="\n"
tok[6] tag='fn' span=65..67 lex="fn"
tok[7] tag=identifier span=68..76 lex="describe"
tok[8] tag='(' span=76..77 lex="("
tok[9] tag=identifier span=77..81 lex="self"
tok[10] tag=':' span=81..82 lex=":"
tok[11] tag=identifier span=83..87 lex="Self"
tok[12] tag=')' span=87..88 lex=")"
tok[13] tag='->' span=89..91 lex="->"
tok[14] tag=identifier span=92..95 lex="i32"
tok[15] tag=newline span=95..96 lex="\n"
tok[16] tag=newline span=96..97 lex="\n"
tok[17] tag='type' span=97..101 lex="type"
tok[18] tag=identifier span=102..108 lex="Circle"
tok[19] tag='=' span=109..110 lex="="
tok[20] tag='{' span=111..112 lex="{"
tok[21] tag=newline span=112..113 lex="\n"
tok[22] tag=identifier span=117..123 lex="radius"
tok[23] tag=':' span=123..124 lex=":"
tok[24] tag=identifier span=125..128 lex="i32"
tok[25] tag=',' span=128..129 lex=","
tok[26] tag=newline span=129..130 lex="\n"
tok[27] tag='}' span=130..131 lex="}"
tok[28] tag=newline span=131..132 lex="\n"
tok[29] tag=newline span=132..133 lex="\n"
tok[30] tag='type' span=133..137 lex="type"
tok[31] tag=identifier span=138..144 lex="Square"
tok[32] tag='=' span=145..146 lex="="
tok[33] tag='{' span=147..148 lex="{"
tok[34] tag=newline span=148..149 lex="\n"
tok[35] tag=identifier span=153..157 lex="side"
tok[36] tag=':' span=157..158 lex=":"
tok[37] tag=identifier span=159..162 lex="i32"
tok[38] tag=',' span=162..163 lex=","
tok[39] tag=newline span=163..164 lex="\n"
tok[40] tag='}' span=164..165 lex="}"
tok[41] tag=newline span=165..166 lex="\n"
tok[42] tag=newline span=166..167 lex="\n"
tok[43] tag='impl' span=167..171 lex="impl"
tok[44] tag=identifier span=172..183 lex="Describable"
tok[45] tag='for' span=184..187 lex="for"
tok[46] tag=identifier span=188..194 lex="Circle"
tok[47] tag='=' span=195..196 lex="="
tok[48] tag=newline span=196..197 lex="\n"
tok[49] tag='fn' span=201..203 lex="fn"
tok[50] tag=identifier span=204..212 lex="describe"
tok[51] tag='(' span=212..213 lex="("
tok[52] tag=identifier span=213..217 lex="self"
tok[53] tag=':' span=217..218 lex=":"
tok[54] tag=identifier span=219..225 lex="Circle"
tok[55] tag=')' span=225..226 lex=")"
tok[56] tag='->' span=227..229 lex="->"
tok[57] tag=identifier span=230..233 lex="i32"
tok[58] tag=':' span=233..234 lex=":"
tok[59] tag=identifier span=235..239 lex="self"
tok[60] tag='.' span=239..240 lex="."
tok[61] tag=identifier span=240..246 lex="radius"
tok[62] tag=newline span=246..247 lex="\n"
tok[63] tag=newline span=247..248 lex="\n"
tok[64] tag='impl' span=248..252 lex="impl"
tok[65] tag=identifier span=253..264 lex="Describable"
tok[66] tag='for' span=265..268 lex="for"
tok[67] tag=identifier span=269..275 lex="Square"
tok[68] tag='=' span=276..277 lex="="
tok[69] tag=newline span=277..278 lex="\n"
tok[70] tag='fn' span=282..284 lex="fn"
tok[71] tag=identifier span=285..293 lex="describe"
tok[72] tag='(' span=293..294 lex="("
tok[73] tag=identifier span=294..298 lex="self"
tok[74] tag=':' span=298..299 lex=":"
tok[75] tag=identifier span=300..306 lex="Square"
tok[76] tag=')' span=306..307 lex=")"
tok[77] tag='->' span=308..310 lex="->"
tok[78] tag=identifier span=311..314 lex="i32"
tok[79] tag=':' span=314..315 lex=":"
tok[80] tag=identifier span=316..320 lex="self"
tok[81] tag='.' span=320..321 lex="."
tok[82] tag=identifier span=321..325 lex="side"
tok[83] tag=newline span=325..326 lex="\n"
tok[84] tag=newline span=326..327 lex="\n"
tok[85] tag='fn' span=327..329 lex="fn"
tok[86] tag=identifier span=330..339 lex="get_value"
tok[87] tag='(' span=339..340 lex="("
tok[88] tag=identifier span=340..343 lex="obj"
tok[89] tag=':' span=343..344 lex=":"
tok[90] tag='dyn' span=345..348 lex="dyn"
tok[91] tag=identifier span=349..360 lex="Describable"
tok[92] tag=')' span=360..361 lex=")"
tok[93] tag='->' span=362..364 lex="->"
tok[94] tag=identifier span=365..368 lex="i32"
tok[95] tag=':' span=368..369 lex=":"
tok[96] tag=newline span=369..370 lex="\n"
tok[97] tag=identifier span=374..377 lex="obj"
tok[98] tag='.' span=377..378 lex="."
tok[99] tag=identifier span=378..386 lex="describe"
tok[100] tag='(' span=386..387 lex="("
tok[101] tag=')' span=387..388 lex=")"
tok[102] tag=newline span=388..389 lex="\n"
tok[103] tag=newline span=389..390 lex="\n"
tok[104] tag='fn' span=390..392 lex="fn"
tok[105] tag=identifier span=393..397 lex="main"
tok[106] tag='->' span=398..400 lex="->"
tok[107] tag=identifier span=401..404 lex="i32"
tok[108] tag=':' span=404..405 lex=":"
tok[109] tag=newline span=405..406 lex="\n"
tok[110] tag='let' span=410..413 lex="let"
tok[111] tag=identifier span=414..415 lex="c"
tok[112] tag='=' span=416..417 lex="="
tok[113] tag=identifier span=418..424 lex="Circle"
tok[114] tag='{' span=425..426 lex="{"
tok[115] tag=identifier span=427..433 lex="radius"
tok[116] tag=':' span=433..434 lex=":"
tok[117] tag=integer literal span=435..436 lex="5"
tok[118] tag='}' span=437..438 lex="}"
tok[119] tag=newline span=438..439 lex="\n"
tok[120] tag='let' span=443..446 lex="let"
tok[121] tag=identifier span=447..448 lex="s"
tok[122] tag='=' span=449..450 lex="="
tok[123] tag=identifier span=451..457 lex="Square"
tok[124] tag='{' span=458..459 lex="{"
tok[125] tag=identifier span=460..464 lex="side"
tok[126] tag=':' span=464..465 lex=":"
tok[127] tag=integer literal span=466..468 lex="10"
tok[128] tag='}' span=469..470 lex="}"
tok[129] tag=newline span=470..471 lex="\n"
tok[130] tag=newline span=471..472 lex="\n"
tok[131] tag=identifier span=476..482 lex="assert"
tok[132] tag='(' span=482..483 lex="("
tok[133] tag=identifier span=483..492 lex="get_value"
tok[134] tag='(' span=492..493 lex="("
tok[135] tag=identifier span=493..494 lex="c"
tok[136] tag=')' span=494..495 lex=")"
tok[137] tag='==' span=496..498 lex="=="
tok[138] tag=integer literal span=499..500 lex="5"
tok[139] tag=')' span=500..501 lex=")"
tok[140] tag=newline span=501..502 lex="\n"
tok[141] tag=identifier span=506..512 lex="assert"
tok[142] tag='(' span=512..513 lex="("
tok[143] tag=identifier span=513..522 lex="get_value"
tok[144] tag='(' span=522..523 lex="("
tok[145] tag=identifier span=523..524 lex="s"
tok[146] tag=')' span=524..525 lex=")"
tok[147] tag='==' span=526..528 lex="=="
tok[148] tag=integer literal span=529..531 lex="10"
tok[149] tag=')' span=531..532 lex=")"
tok[150] tag=newline span=532..533 lex="\n"
tok[151] tag=end of file span=533..533 lex=""
