typed module decls=9
decl[0] kind=trait_decl span=41..97
  trait Describable
decl[1] kind=type_decl span=97..131
  type Circle
decl[2] kind=type_decl span=133..165
  type Square
decl[3] kind=function span=201..246
  fn Circle.describe(self: Circle) -> i32
    expr field_access span=235..246 : i32
      expr ident span=235..239 : i32
decl[4] kind=impl_decl span=167..248
  impl Describable for Circle
decl[5] kind=function span=282..325
  fn Square.describe(self: Square) -> i32
    expr field_access span=316..325 : i32
      expr ident span=316..320 : i32
decl[6] kind=impl_decl span=248..327
  impl Describable for Square
decl[7] kind=function span=327..388
  fn get_value(obj: <error>) -> i32
    expr call span=374..388 : <error>
      expr field_access span=374..386 : <error>
        expr ident span=374..377 : <error>
decl[8] kind=function span=390..532
  fn main() -> i32
    expr block span=410..532 : void
      expr let_binding span=410..438 : void
        bind c: Circle
      expr let_binding span=443..470 : void
        bind s: Square
      expr call span=476..501 : void
        expr ident span=476..482 : void
      expr call span=506..532 : void
        expr ident span=506..512 : void
