tokens file=test/cases/async_scope.w count=35
tok[0] tag=newline span=42..43 lex="\n"
tok[1] tag='async' span=43..48 lex="async"
tok[2] tag='fn' span=49..51 lex="fn"
tok[3] tag=identifier span=52..56 lex="work"
tok[4] tag='->' span=57..59 lex="->"
tok[5] tag=identifier span=60..63 lex="i32"
tok[6] tag=':' span=63..64 lex=":"
tok[7] tag=integer literal span=65..66 lex="1"
tok[8] tag=newline span=66..67 lex="\n"
tok[9] tag=newline span=67..68 lex="\n"
tok[10] tag='fn' span=68..70 lex="fn"
tok[11] tag=identifier span=71..75 lex="main"
tok[12] tag='->' span=76..78 lex="->"
tok[13] tag=identifier span=79..82 lex="i32"
tok[14] tag=':' span=82..83 lex=":"
tok[15] tag=newline span=83..84 lex="\n"
tok[16] tag='async' span=88..93 lex="async"
tok[17] tag=identifier span=94..99 lex="scope"
tok[18] tag='|' span=100..101 lex="|"
tok[19] tag=identifier span=101..102 lex="s"
tok[20] tag='|' span=102..103 lex="|"
tok[21] tag=':' span=103..104 lex=":"
tok[22] tag=newline span=104..105 lex="\n"
tok[23] tag=identifier span=113..114 lex="s"
tok[24] tag='.' span=114..115 lex="."
tok[25] tag=identifier span=115..120 lex="track"
tok[26] tag='(' span=120..121 lex="("
tok[27] tag=identifier span=121..125 lex="work"
tok[28] tag='(' span=125..126 lex="("
tok[29] tag=')' span=126..127 lex=")"
tok[30] tag=')' span=127..128 lex=")"
tok[31] tag=newline span=128..129 lex="\n"
tok[32] tag=integer literal span=133..134 lex="0"
tok[33] tag=newline span=134..135 lex="\n"
tok[34] tag=end of file span=135..135 lex=""
