tokens file=test/cases/arithmetic_mixed.w count=43
tok[0] tag='fn' span=0..2 lex="fn"
tok[1] tag=identifier span=3..7 lex="main"
tok[2] tag='->' span=8..10 lex="->"
tok[3] tag=identifier span=11..14 lex="i32"
tok[4] tag=':' span=14..15 lex=":"
tok[5] tag=newline span=15..16 lex="\n"
tok[6] tag=identifier span=20..27 lex="println"
tok[7] tag='(' span=27..28 lex="("
tok[8] tag=integer literal span=28..29 lex="2"
tok[9] tag='+' span=30..31 lex="+"
tok[10] tag=integer literal span=32..33 lex="3"
tok[11] tag='*' span=34..35 lex="*"
tok[12] tag=integer literal span=36..37 lex="4"
tok[13] tag=')' span=37..38 lex=")"
tok[14] tag=newline span=38..39 lex="\n"
tok[15] tag=identifier span=43..50 lex="println"
tok[16] tag='(' span=50..51 lex="("
tok[17] tag='(' span=51..52 lex="("
tok[18] tag=integer literal span=52..53 lex="2"
tok[19] tag='+' span=54..55 lex="+"
tok[20] tag=integer literal span=56..57 lex="3"
tok[21] tag=')' span=57..58 lex=")"
tok[22] tag='*' span=59..60 lex="*"
tok[23] tag=integer literal span=61..62 lex="4"
tok[24] tag=')' span=62..63 lex=")"
tok[25] tag=newline span=63..64 lex="\n"
tok[26] tag=identifier span=68..75 lex="println"
tok[27] tag='(' span=75..76 lex="("
tok[28] tag=integer literal span=76..79 lex="100"
tok[29] tag='/' span=80..81 lex="/"
tok[30] tag=integer literal span=82..84 lex="10"
tok[31] tag='+' span=85..86 lex="+"
tok[32] tag=integer literal span=87..88 lex="5"
tok[33] tag=')' span=88..89 lex=")"
tok[34] tag=newline span=89..90 lex="\n"
tok[35] tag=identifier span=94..101 lex="println"
tok[36] tag='(' span=101..102 lex="("
tok[37] tag=integer literal span=102..105 lex="100"
tok[38] tag='%' span=106..107 lex="%"
tok[39] tag=integer literal span=108..109 lex="7"
tok[40] tag=')' span=109..110 lex=")"
tok[41] tag=newline span=110..111 lex="\n"
tok[42] tag=end of file span=111..111 lex=""
