tokens file=test/cases/tuples.w count=65
tok[0] tag='fn' span=0..2 lex="fn"
tok[1] tag=identifier span=3..7 lex="swap"
tok[2] tag='(' span=7..8 lex="("
tok[3] tag=identifier span=8..9 lex="a"
tok[4] tag=':' span=9..10 lex=":"
tok[5] tag=identifier span=11..14 lex="i32"
tok[6] tag=',' span=14..15 lex=","
tok[7] tag=identifier span=16..17 lex="b"
tok[8] tag=':' span=17..18 lex=":"
tok[9] tag=identifier span=19..22 lex="i32"
tok[10] tag=')' span=22..23 lex=")"
tok[11] tag='->' span=24..26 lex="->"
tok[12] tag='(' span=27..28 lex="("
tok[13] tag=identifier span=28..31 lex="i32"
tok[14] tag=',' span=31..32 lex=","
tok[15] tag=identifier span=33..36 lex="i32"
tok[16] tag=')' span=36..37 lex=")"
tok[17] tag=':' span=37..38 lex=":"
tok[18] tag=newline span=38..39 lex="\n"
tok[19] tag='(' span=43..44 lex="("
tok[20] tag=identifier span=44..45 lex="b"
tok[21] tag=',' span=45..46 lex=","
tok[22] tag=identifier span=47..48 lex="a"
tok[23] tag=')' span=48..49 lex=")"
tok[24] tag=newline span=49..50 lex="\n"
tok[25] tag=newline span=50..51 lex="\n"
tok[26] tag='fn' span=51..53 lex="fn"
tok[27] tag=identifier span=54..58 lex="main"
tok[28] tag='->' span=59..61 lex="->"
tok[29] tag=identifier span=62..65 lex="i32"
tok[30] tag=':' span=65..66 lex=":"
tok[31] tag=newline span=66..67 lex="\n"
tok[32] tag='let' span=71..74 lex="let"
tok[33] tag=identifier span=75..79 lex="pair"
tok[34] tag='=' span=80..81 lex="="
tok[35] tag='(' span=82..83 lex="("
tok[36] tag=integer literal span=83..85 lex="10"
tok[37] tag=',' span=85..86 lex=","
tok[38] tag=integer literal span=87..89 lex="32"
tok[39] tag=')' span=89..90 lex=")"
tok[40] tag=newline span=90..91 lex="\n"
tok[41] tag='let' span=95..98 lex="let"
tok[42] tag=identifier span=99..100 lex="x"
tok[43] tag='=' span=101..102 lex="="
tok[44] tag=identifier span=103..107 lex="pair"
tok[45] tag='.' span=107..108 lex="."
tok[46] tag=integer literal span=108..109 lex="0"
tok[47] tag=newline span=109..110 lex="\n"
tok[48] tag='let' span=114..117 lex="let"
tok[49] tag=identifier span=118..119 lex="y"
tok[50] tag='=' span=120..121 lex="="
tok[51] tag=identifier span=122..126 lex="pair"
tok[52] tag='.' span=126..127 lex="."
tok[53] tag=integer literal span=127..128 lex="1"
tok[54] tag=newline span=128..129 lex="\n"
tok[55] tag=identifier span=133..139 lex="assert"
tok[56] tag='(' span=139..140 lex="("
tok[57] tag=identifier span=140..141 lex="x"
tok[58] tag='+' span=142..143 lex="+"
tok[59] tag=identifier span=144..145 lex="y"
tok[60] tag='==' span=146..148 lex="=="
tok[61] tag=integer literal span=149..151 lex="42"
tok[62] tag=')' span=151..152 lex=")"
tok[63] tag=newline span=152..153 lex="\n"
tok[64] tag=end of file span=153..153 lex=""
