foreign-contract view	v1
domain errno thread; origin <domain errno>; facade:sqlite@test/contract/ok_sqlite_shaped.w; clause:domain@test/contract/ok_sqlite_shaped.w:11
    scope: thread; views inherit the thread restriction  [clause:domain@test/contract/ok_sqlite_shaped.w:11]
    library: 1 imported translation unit(s) whose every operation touches it unless it preserves it  [default:the coarse library domain (§16.2b.7)]
    views: none borrowed  [default:a view names its domain with `returns borrow CStr from domain` (§16.2b.7)]
    invalidation: invalidated by: sqlite3_open, sqlite3_close, sqlite3_close_v2, sqlite3_prepare_v2, sqlite3_step, sqlite3_finalize, sqlite3_errmsg, sqlite3_column_text, sqlite3_db_handle, sqlite3_trace_v2, sqlite3_libversion, sqlite3.close, sqlite3.close_v2, sqlite3.prepare_v2, sqlite3.errmsg, sqlite3.db_handle, sqlite3.create_function_v2, sqlite3.trace_v2 (and 19 compiler runtime seams); preserved across: sqlite3_create_function_v2  [default:unknown effect is invalidate; `preserves domain D` states otherwise (§16.2b.7)]
resource Database wraps *mut sqlite3; representation: pointer; facade:sqlite@test/contract/ok_sqlite_shaped.w; clause:resource@test/contract/ok_sqlite_shaped.w:12
    producer: sqlite3_open -> Database.open; production: out parameter (param 1: *mut *mut sqlite3 ppDb); the slot starts NULL and is inspected after the call  [clause:from@test/contract/ok_sqlite_shaped.w:13]
    status: ok SQLITE_OK; a status-returning producer is Result[Database, DatabaseError]  [clause:ok@test/contract/ok_sqlite_shaped.w:16]
    destroyer: sqlite3_close; automatic: Drop calls it while the value is live  [clause:drop@test/contract/ok_sqlite_shaped.w:14]
    destroyer: sqlite3_close_v2 -> move fn Database.close_v2; alternate: consumes the value and disarms Drop  [clause:destroys@test/contract/ok_sqlite_shaped.w:15]
    dependency: none via sqlite3_open; it receives no modeled resource  [default:no resource parameter (§16.2b.6)]
    thread: send drop_any_thread  [clause:thread@test/contract/ok_sqlite_shaped.w:17]
    view: CStr from sqlite3_errmsg, dependent on param 0: *mut sqlite3 db  [clause:fn@test/contract/ok_sqlite_shaped.w:29]
    view: BorrowedDatabase from sqlite3_db_handle, dependent on param 0: *mut sqlite3_stmt pStmt  [clause:fn@test/contract/ok_sqlite_shaped.w:35]
    invalidation: views invalidated by: sqlite3_open, sqlite3_close, sqlite3_close_v2, sqlite3_prepare_v2, sqlite3_create_function_v2, sqlite3_trace_v2; preserved across: sqlite3_errmsg  [default:unknown effect is invalidate; `preserves param N` states otherwise (§16.2b.7)]
resource Statement wraps *mut sqlite3_stmt; representation: pointer; facade:sqlite@test/contract/ok_sqlite_shaped.w; clause:resource@test/contract/ok_sqlite_shaped.w:18
    producer: sqlite3_prepare_v2 -> Statement.prepare; production: out parameter (param 3: *mut *mut sqlite3_stmt ppStmt); the slot starts NULL and is inspected after the call  [clause:from@test/contract/ok_sqlite_shaped.w:19]
    status: ok SQLITE_OK; a status-returning producer is Result[Statement, StatementError]  [clause:ok@test/contract/ok_sqlite_shaped.w:21]
    destroyer: sqlite3_finalize; automatic: Drop calls it while the value is live  [clause:drop@test/contract/ok_sqlite_shaped.w:20]
    dependency: parent Database via sqlite3_prepare_v2 param 0: *mut sqlite3 db; the product cannot outlive it  [clause:borrows@test/contract/ok_sqlite_shaped.w:22]
    thread: creator; operations and destruction on the creating thread, ownership stays there  [default:thread creator (§16.2b.10)]
    view: CStr from sqlite3_column_text, dependent on param 0: *mut sqlite3_stmt pStmt  [clause:fn@test/contract/ok_sqlite_shaped.w:32]
    invalidation: views invalidated by: sqlite3_prepare_v2, sqlite3_step, sqlite3_finalize, sqlite3_db_handle, sqlite3.prepare_v2, sqlite3.db_handle; preserved across: sqlite3_column_text  [default:unknown effect is invalidate; `preserves param N` states otherwise (§16.2b.7)]
fn sqlite3_close_v2; facade:sqlite@test/contract/ok_sqlite_shaped.w; clause:fn@test/contract/ok_sqlite_shaped.w:23
    role: alternate destroyer of Database  [clause:resource@test/contract/ok_sqlite_shaped.w:12]
    effect: param 0: *mut sqlite3 db: destroys; receives Database  [clause:destroys@test/contract/ok_sqlite_shaped.w:24]
    returns: i32  [default:as declared]
    invalidates: Database (param 0: *mut sqlite3 db), domain errno  [default:unknown effect is invalidate (§16.2b.7)]
fn sqlite3_prepare_v2; facade:sqlite@test/contract/ok_sqlite_shaped.w; clause:fn@test/contract/ok_sqlite_shaped.w:25
    role: producer of Statement  [clause:resource@test/contract/ok_sqlite_shaped.w:18]
    effect: param 0: *mut sqlite3 db: lend, the described fn's assertion; receives Database  [default:a described fn lends its parameters (§16.2b.5)]
    effect: param 1: *const i8 zSql: lend, the described fn's assertion  [default:a described fn lends its parameters (§16.2b.5)]
    effect: param 2: i32 nByte: lend, the described fn's assertion  [default:a described fn lends its parameters (§16.2b.5)]
    effect: param 3: *mut *mut sqlite3_stmt ppStmt: out parameter producing Statement  [clause:from@test/contract/ok_sqlite_shaped.w:19]
    returns: i32  [default:as declared]
    invalidates: Database (param 0: *mut sqlite3 db), Statement (param 3: *mut *mut sqlite3_stmt ppStmt), domain errno  [default:unknown effect is invalidate (§16.2b.7)]
    presentation: rename prepare  [clause:rename@test/contract/ok_sqlite_shaped.w:26]
fn sqlite3_step; facade:sqlite@test/contract/ok_sqlite_shaped.w; clause:fn@test/contract/ok_sqlite_shaped.w:27
    effect: param 0: *mut sqlite3_stmt pStmt: lend, an assertion about foreign behavior; receives Statement  [clause:lend@test/contract/ok_sqlite_shaped.w:28]
    returns: i32  [default:as declared]
    invalidates: Statement (param 0: *mut sqlite3_stmt pStmt), domain errno  [default:unknown effect is invalidate (§16.2b.7)]
    presentation: Statement.sqlite3_step; the C name is kept, no unambiguous shortening  [default:presentation sugar from the resource prefix (§16.2b.11)]
fn sqlite3_errmsg; facade:sqlite@test/contract/ok_sqlite_shaped.w; clause:fn@test/contract/ok_sqlite_shaped.w:29
    effect: param 0: *mut sqlite3 db: lend, the described fn's assertion; receives Database  [default:a described fn lends its parameters (§16.2b.5)]
    returns: borrow CStr from param 0: *mut sqlite3 db (Database); Option[CStr], nullable  [clause:returns borrow@test/contract/ok_sqlite_shaped.w:30]
    preserves: param 0: *mut sqlite3 db; views of it survive this call  [clause:preserves@test/contract/ok_sqlite_shaped.w:31]
    invalidates: domain errno  [default:unknown effect is invalidate (§16.2b.7)]
    presentation: Database.errmsg  [default:presentation sugar from the resource prefix (§16.2b.11)]
fn sqlite3_column_text; facade:sqlite@test/contract/ok_sqlite_shaped.w; clause:fn@test/contract/ok_sqlite_shaped.w:32
    effect: param 0: *mut sqlite3_stmt pStmt: lend, the described fn's assertion; receives Statement  [default:a described fn lends its parameters (§16.2b.5)]
    effect: param 1: i32 iCol: lend, the described fn's assertion  [default:a described fn lends its parameters (§16.2b.5)]
    returns: borrow CStr from param 0: *mut sqlite3_stmt pStmt (Statement); Option[CStr], nullable  [clause:returns borrow@test/contract/ok_sqlite_shaped.w:33]
    preserves: param 0: *mut sqlite3_stmt pStmt; views of it survive this call  [clause:preserves@test/contract/ok_sqlite_shaped.w:34]
    invalidates: domain errno  [default:unknown effect is invalidate (§16.2b.7)]
    presentation: Statement.sqlite3_column_text; the C name is kept, no unambiguous shortening  [default:presentation sugar from the resource prefix (§16.2b.11)]
fn sqlite3_db_handle; facade:sqlite@test/contract/ok_sqlite_shaped.w; clause:fn@test/contract/ok_sqlite_shaped.w:35
    effect: param 0: *mut sqlite3_stmt pStmt: lend, the described fn's assertion; receives Statement  [default:a described fn lends its parameters (§16.2b.5)]
    returns: borrow Database from param 0: *mut sqlite3_stmt pStmt (Statement); Option[BorrowedDatabase], nullable, no Drop  [clause:returns borrow@test/contract/ok_sqlite_shaped.w:36]
    invalidates: Statement (param 0: *mut sqlite3_stmt pStmt), domain errno  [default:unknown effect is invalidate (§16.2b.7)]
    presentation: of Statement  [clause:of@test/contract/ok_sqlite_shaped.w:37]
    presentation: rename database  [clause:rename@test/contract/ok_sqlite_shaped.w:38]
    presentation: Statement.database  [clause:rename]
fn sqlite3_create_function_v2; facade:sqlite@test/contract/ok_sqlite_shaped.w; clause:fn@test/contract/ok_sqlite_shaped.w:39
    effect: param 0: *mut sqlite3 db: lend, the described fn's assertion; receives Database  [default:a described fn lends its parameters (§16.2b.5)]
    effect: param 1: *const i8 zName: lend, the described fn's assertion  [default:a described fn lends its parameters (§16.2b.5)]
    effect: param 2: i32 nArg: lend, the described fn's assertion  [default:a described fn lends its parameters (§16.2b.5)]
    effect: param 3: i32 eTextRep: lend, the described fn's assertion  [default:a described fn lends its parameters (§16.2b.5)]
    effect: param 4: *mut c_void pApp: consumes; destroyed by the callback param 6: extern "C" fn(*mut c_void) -> Unit xDestroy  [clause:consumes@test/contract/ok_sqlite_shaped.w:40]
    effect: param 5: extern "C" fn(*mut c_void) -> Unit xFunc: callback, borrowed for the call's scope; what C passes it cannot escape  [default:callback-scope borrow (§16.2b.9)]
    effect: param 6: extern "C" fn(*mut c_void) -> Unit xDestroy: callback, the destroy path of the consumed param 4: *mut c_void pApp  [clause:consumes@test/contract/ok_sqlite_shaped.w:40]
    returns: i32  [default:as declared]
    preserves: domain errno  [clause:preserves@test/contract/ok_sqlite_shaped.w:41]
    invalidates: Database (param 0: *mut sqlite3 db)  [default:unknown effect is invalidate (§16.2b.7)]
    presentation: Database.create_function_v2  [default:presentation sugar from the resource prefix (§16.2b.11)]
callback param 5: extern "C" fn(*mut c_void) -> Unit xFunc of sqlite3_create_function_v2; clause:fn@test/contract/ok_sqlite_shaped.w:39
    role: used during this call only; not retained  [default:callback-scope borrow (§16.2b.9)]
    thread: any; captured With state must be Send and Sync  [clause:callback_thread@test/contract/ok_sqlite_shaped.w:42]
    reentrancy: the call may invoke it; its captures' origins are affected as their capture modes allow  [default:absent a facade assertion the call is reentrant (§16.2b.9)]
callback param 6: extern "C" fn(*mut c_void) -> Unit xDestroy of sqlite3_create_function_v2; clause:fn@test/contract/ok_sqlite_shaped.w:39
    role: destroy path of the consumed param 4: *mut c_void pApp; With destroys it through no other path  [clause:consumes@test/contract/ok_sqlite_shaped.w:40]
    thread: any; captured With state must be Send and Sync  [clause:callback_thread@test/contract/ok_sqlite_shaped.w:42]
    reentrancy: the call may invoke it; its captures' origins are affected as their capture modes allow  [default:absent a facade assertion the call is reentrant (§16.2b.9)]
fn sqlite3_trace_v2; facade:sqlite@test/contract/ok_sqlite_shaped.w; clause:fn@test/contract/ok_sqlite_shaped.w:43
    effect: param 0: *mut sqlite3 db: lend, the described fn's assertion; receives Database  [default:a described fn lends its parameters (§16.2b.5)]
    effect: param 1: u32 mask: lend, the described fn's assertion  [default:a described fn lends its parameters (§16.2b.5)]
    effect: param 2: extern "C" fn(u32, *mut c_void, *mut c_void, *mut c_void) -> i32 xCallback: retained by Database (param 0: *mut sqlite3 db)  [clause:retains@test/contract/ok_sqlite_shaped.w:44]
    effect: param 3: *mut c_void pCtx: retained by Database (param 0: *mut sqlite3 db)  [clause:retains@test/contract/ok_sqlite_shaped.w:45]
    returns: i32  [default:as declared]
    invalidates: Database (param 0: *mut sqlite3 db), domain errno  [default:unknown effect is invalidate (§16.2b.7)]
    presentation: Database.trace_v2  [default:presentation sugar from the resource prefix (§16.2b.11)]
callback param 2: extern "C" fn(u32, *mut c_void, *mut c_void, *mut c_void) -> i32 xCallback of sqlite3_trace_v2; clause:fn@test/contract/ok_sqlite_shaped.w:43
    role: retained by Database (param 0: *mut sqlite3 db); it lives as long as its owner  [clause:retains@test/contract/ok_sqlite_shaped.w:44]
    thread: the registering thread  [default:callback executes where it was registered (§16.2b.10)]
    reentrancy: the call may invoke it; its captures' origins are affected as their capture modes allow  [default:absent a facade assertion the call is reentrant (§16.2b.9)]
fn sqlite3_libversion; facade:sqlite@test/contract/ok_sqlite_shaped.w; clause:fn@test/contract/ok_sqlite_shaped.w:46
    returns: static CStr; valid for the whole program, no origin  [clause:returns static@test/contract/ok_sqlite_shaped.w:47]
    invalidates: domain errno  [default:unknown effect is invalidate (§16.2b.7)]
    presentation: the C name is the surface; no resource receives param 0  [default:presentation sugar only groups by resource (§16.2b.11)]
note: contract-audit: resources=2 items=9 domains=1 conventions=0 advisories=0
contract-audit: violations=0 ok
