foreign-contract view	v1
resource Database wraps *mut sqlite3; representation: pointer; facade:sqlite@test/contract/ok_valid_on_failed.w; clause:resource@test/contract/ok_valid_on_failed.w:22
    producer: sqlite3_open -> Database.open; production: out parameter (param 1: *mut *mut sqlite3 ppDb); the slot starts NULL and is inspected after the call  [clause:from@test/contract/ok_valid_on_failed.w:23]
    status: ok SQLITE_OK; a status-returning producer is Result[Database, DatabaseError]  [clause:ok@test/contract/ok_valid_on_failed.w:25]
    destroyer: sqlite3_close; automatic: Drop calls it while the value is live  [clause:drop@test/contract/ok_valid_on_failed.w:24]
    dependency: none via sqlite3_open; it receives no modeled resource  [default:no resource parameter (§16.2b.6)]
    thread: creator; operations and destruction on the creating thread, ownership stays there  [default:thread creator (§16.2b.10)]
    view: CStr from sqlite3_errmsg, dependent on param 0: *mut sqlite3 db  [clause:fn@test/contract/ok_valid_on_failed.w:26]
    invalidation: views invalidated by: sqlite3_open, sqlite3_close, sqlite3_errmsg; preserved across: none  [default:unknown effect is invalidate; `preserves param N` states otherwise (§16.2b.7)]
fn sqlite3_errmsg; facade:sqlite@test/contract/ok_valid_on_failed.w; clause:fn@test/contract/ok_valid_on_failed.w:26
    callbacks: may invoke applicable callbacks  [default:conservatively reentrant (§16.2b.9)]
    effect: param 0: *mut sqlite3 db: lend, the described fn's assertion; receives Database  [default:a described fn lends its parameters (§16.2b.5)]
    returns: borrow CStr from param 0: *mut sqlite3 db (Database); Option[CStr], nullable  [clause:returns borrow@test/contract/ok_valid_on_failed.w:27]
    invalidates: Database (param 0: *mut sqlite3 db)  [default:unknown effect is invalidate (§16.2b.7)]
    failed-state: valid on the failed-state resource too (presented on Failed<R>)  [clause:valid on failed@test/contract/ok_valid_on_failed.w:28]
    presentation: Database.errmsg  [default:presentation sugar from the resource prefix (§16.2b.11)]
note: contract-audit: resources=1 items=1 domains=0 conventions=0 advisories=0 profile-ambiguous=0 profile-shadowed=0
contract-audit: violations=0 ok
